00:07:27 **** Incremental Build of configuration Debug for project 001Sampleapp ****
make -j8 all 
arm-none-eabi-size   001Sampleapp.elf 
   text	   data	    bss	    dec	    hex	filename
   7212	    180	   1596	   8988	   231c	001Sampleapp.elf
Finished building: default.size.stdout
 
00:09:34 **** Incremental Build of configuration Debug for project 001Sampleapp ****
make -j8 all 
arm-none-eabi-size   001Sampleapp.elf 
   text	   data	    bss	    dec	    hex	filename
   7212	    180	   1596	   8988	   231c	001Sampleapp.elf
Finished building: default.size.stdout
 
00:13:29 **** Build of configuration Debug for project 002SampleApp ****
make -j8 all 
arm-none-eabi-gcc -mcpu=cortex-m4 -g3 -c -x assembler-with-cpp -MMD -MP -MF"Startup/startup_stm32f302r8tx.d" -MT"Startup/startup_stm32f302r8tx.o" --specs=nano.specs -mfpu=fpv4-sp-d16 -mfloat-abi=hard -mthumb -o "Startup/startup_stm32f302r8tx.o" "../Startup/startup_stm32f302r8tx.s"
arm-none-eabi-gcc "../Src/main.c" -mcpu=cortex-m4 -std=gnu11 -g3 -DDEBUG -DSTM32 -DSTM32F302R8Tx -DSTM32F3 -DNUCLEO_F302R8 -c -I../Inc -O0 -ffunction-sections -fdata-sections -Wall -fstack-usage -MMD -MP -MF"Src/main.d" -MT"Src/main.o" --specs=nano.specs -mfpu=fpv4-sp-d16 -mfloat-abi=hard -mthumb -o "Src/main.o"
arm-none-eabi-gcc "../Src/syscalls.c" -mcpu=cortex-m4 -std=gnu11 -g3 -DDEBUG -DSTM32 -DSTM32F302R8Tx -DSTM32F3 -DNUCLEO_F302R8 -c -I../Inc -O0 -ffunction-sections -fdata-sections -Wall -fstack-usage -MMD -MP -MF"Src/syscalls.d" -MT"Src/syscalls.o" --specs=nano.specs -mfpu=fpv4-sp-d16 -mfloat-abi=hard -mthumb -o "Src/syscalls.o"
arm-none-eabi-gcc "../Src/sysmem.c" -mcpu=cortex-m4 -std=gnu11 -g3 -DDEBUG -DSTM32 -DSTM32F302R8Tx -DSTM32F3 -DNUCLEO_F302R8 -c -I../Inc -O0 -ffunction-sections -fdata-sections -Wall -fstack-usage -MMD -MP -MF"Src/sysmem.d" -MT"Src/sysmem.o" --specs=nano.specs -mfpu=fpv4-sp-d16 -mfloat-abi=hard -mthumb -o "Src/sysmem.o"
../Src/main.c:23:4: warning: #warning "FPU is not initialized, but the project is compiling for an FPU. Please initialize the FPU before use." [-Wcpp]
   23 |   #warning "FPU is not initialized, but the project is compiling for an FPU. Please initialize the FPU before use."
      |    ^~~~~~~
arm-none-eabi-gcc -o "002SampleApp.elf" @"objects.list"   -mcpu=cortex-m4 -T"C:\Users\medei\Documents\MCU1\002SampleApp\STM32F302R8TX_FLASH.ld" --specs=nosys.specs -Wl,-Map="002SampleApp.map" -Wl,--gc-sections -static --specs=nano.specs -mfpu=fpv4-sp-d16 -mfloat-abi=hard -mthumb -Wl,--start-group -lc -lm -Wl,--end-group
Finished building target: 002SampleApp.elf
 
arm-none-eabi-size   002SampleApp.elf 
arm-none-eabi-objdump -h -S  002SampleApp.elf  > "002SampleApp.list"
arm-none-eabi-objcopy  -O binary  002SampleApp.elf  "002SampleApp.bin"
   text	   data	    bss	    dec	    hex	filename
    644	      8	   1568	   2220	    8ac	002SampleApp.elf
Finished building: default.size.stdout
 
Finished building: 002SampleApp.bin
Finished building: 002SampleApp.list
 
 
00:13:39 **** Incremental Build of configuration Debug for project 002SampleApp ****
make -j8 all 
arm-none-eabi-size   002SampleApp.elf 
   text	   data	    bss	    dec	    hex	filename
    644	      8	   1568	   2220	    8ac	002SampleApp.elf
Finished building: default.size.stdout
 
00:14:30 **** Incremental Build of configuration Debug for project 002SampleApp ****
make -j8 all 
arm-none-eabi-gcc "../Src/main.c" -mcpu=cortex-m4 -std=gnu11 -g3 -DDEBUG -DSTM32 -DSTM32F302R8Tx -DSTM32F3 -DNUCLEO_F302R8 -c -I../Inc -O0 -ffunction-sections -fdata-sections -Wall -fstack-usage -MMD -MP -MF"Src/main.d" -MT"Src/main.o" --specs=nano.specs -mfpu=fpv4-sp-d16 -mfloat-abi=hard -mthumb -o "Src/main.o"
arm-none-eabi-gcc -o "002SampleApp.elf" @"objects.list"   -mcpu=cortex-m4 -T"C:\Users\medei\Documents\MCU1\002SampleApp\STM32F302R8TX_FLASH.ld" --specs=nosys.specs -Wl,-Map="002SampleApp.map" -Wl,--gc-sections -static --specs=nano.specs -mfpu=fpv4-sp-d16 -mfloat-abi=hard -mthumb -Wl,--start-group -lc -lm -Wl,--end-group
Finished building target: 002SampleApp.elf
 
arm-none-eabi-objdump -h -S  002SampleApp.elf  > "002SampleApp.list"
arm-none-eabi-objcopy  -O binary  002SampleApp.elf  "002SampleApp.bin"
arm-none-eabi-size   002SampleApp.elf 
   text	   data	    bss	    dec	    hex	filename
   6576	    180	   1596	   8352	   20a0	002SampleApp.elf
Finished building: default.size.stdout
 
Finished building: 002SampleApp.bin
Finished building: 002SampleApp.list
 
 
00:15:43 **** Incremental Build of configuration Debug for project 002SampleApp ****
make -j8 all 
arm-none-eabi-size   002SampleApp.elf 
   text	   data	    bss	    dec	    hex	filename
   6576	    180	   1596	   8352	   20a0	002SampleApp.elf
Finished building: default.size.stdout
 
00:19:14 **** Incremental Build of configuration Debug for project 002SampleApp ****
make -j8 all 
arm-none-eabi-size   002SampleApp.elf 
   text	   data	    bss	    dec	    hex	filename
   6576	    180	   1596	   8352	   20a0	002SampleApp.elf
Finished building: default.size.stdout
 
22:54:37 **** Incremental Build of configuration Debug for project 002SampleApp ****
make -j8 all 
arm-none-eabi-size   002SampleApp.elf 
   text	   data	    bss	    dec	    hex	filename
   6576	    180	   1596	   8352	   20a0	002SampleApp.elf
Finished building: default.size.stdout
 
23:08:46 **** Incremental Build of configuration Debug for project 002SampleApp ****
make -j8 all 
arm-none-eabi-size   002SampleApp.elf 
   text	   data	    bss	    dec	    hex	filename
   6576	    180	   1596	   8352	   20a0	002SampleApp.elf
Finished building: default.size.stdout
 
23:14:27 **** Incremental Build of configuration Debug for project 002SampleApp ****
make -j8 all 
arm-none-eabi-size   002SampleApp.elf 
   text	   data	    bss	    dec	    hex	filename
   6576	    180	   1596	   8352	   20a0	002SampleApp.elf
Finished building: default.size.stdout
 
23:14:57 **** Incremental Build of configuration Debug for project 002SampleApp ****
make -j8 all 
arm-none-eabi-size   002SampleApp.elf 
   text	   data	    bss	    dec	    hex	filename
   6576	    180	   1596	   8352	   20a0	002SampleApp.elf
Finished building: default.size.stdout
 
21:25:00 **** Incremental Build of configuration Debug for project 002SampleApp ****
make -j8 all 
arm-none-eabi-size   002SampleApp.elf 
   text	   data	    bss	    dec	    hex	filename
   6576	    180	   1596	   8352	   20a0	002SampleApp.elf
Finished building: default.size.stdout
 
